'gradlew.bat' is not recognized as an internal or external command,
operable program or batch file.
BUILD_EXIT_CODE=1 
